// Jest Snapshot v1, https://goo.gl/fbAQLP

exports[`<ListeAnnonces> ListeAnnonces - should render component <ListAnnonces /> 1`] = `null`;
